
  .   ____          _            __ _ _
 /\\ / ___'_ __ _ _(_)_ __  __ _ \ \ \ \
( ( )\___ | '_ | '_| | '_ \/ _` | \ \ \ \
 \\/  ___)| |_)| | | | | || (_| |  ) ) ) )
  '  |____| .__|_| |_|_| |_\__, | / / / /
 =========|_|==============|___/=/_/_/_/
 :: Spring Boot ::                (v3.2.2)

2026-01-03T20:17:46.103+09:00  INFO 10735 --- [core-service] [           main] com.zzz.core.CoreServiceApplication      : Starting CoreServiceApplication v0.0.1-SNAPSHOT using Java 21.0.9 with PID 10735 (/Users/joo/project/zzz/backend/core-service/build/libs/core-service-0.0.1-SNAPSHOT.jar started by joo in /Users/joo/project/zzz)
2026-01-03T20:17:46.105+09:00  INFO 10735 --- [core-service] [           main] com.zzz.core.CoreServiceApplication      : No active profile set, falling back to 1 default profile: "default"
2026-01-03T20:17:46.558+09:00  WARN 10735 --- [core-service] [           main] ConfigServletWebServerApplicationContext : Exception encountered during context initialization - cancelling refresh attempt: java.lang.IllegalArgumentException: http://${ai-service.url} is malformed
2026-01-03T20:17:46.567+09:00  INFO 10735 --- [core-service] [           main] .s.b.a.l.ConditionEvaluationReportLogger : 

Error starting ApplicationContext. To display the condition evaluation report re-run your application with 'debug' enabled.
2026-01-03T20:17:46.581+09:00 ERROR 10735 --- [core-service] [           main] o.s.boot.SpringApplication               : Application run failed

java.lang.IllegalArgumentException: http://${ai-service.url} is malformed
	at org.springframework.cloud.openfeign.FeignClientsRegistrar.getUrl(FeignClientsRegistrar.java:124) ~[spring-cloud-openfeign-core-4.1.0.jar!/:4.1.0]
	at org.springframework.cloud.openfeign.FeignClientsRegistrar.getUrl(FeignClientsRegistrar.java:370) ~[spring-cloud-openfeign-core-4.1.0.jar!/:4.1.0]
	at org.springframework.cloud.openfeign.FeignClientsRegistrar.eagerlyRegisterFeignClientBeanDefinition(FeignClientsRegistrar.java:222) ~[spring-cloud-openfeign-core-4.1.0.jar!/:4.1.0]
	at org.springframework.cloud.openfeign.FeignClientsRegistrar.registerFeignClient(FeignClientsRegistrar.java:211) ~[spring-cloud-openfeign-core-4.1.0.jar!/:4.1.0]
	at org.springframework.cloud.openfeign.FeignClientsRegistrar.registerFeignClients(FeignClientsRegistrar.java:201) ~[spring-cloud-openfeign-core-4.1.0.jar!/:4.1.0]
	at org.springframework.cloud.openfeign.FeignClientsRegistrar.registerBeanDefinitions(FeignClientsRegistrar.java:151) ~[spring-cloud-openfeign-core-4.1.0.jar!/:4.1.0]
	at org.springframework.context.annotation.ImportBeanDefinitionRegistrar.registerBeanDefinitions(ImportBeanDefinitionRegistrar.java:86) ~[spring-context-6.1.3.jar!/:6.1.3]
	at org.springframework.context.annotation.ConfigurationClassBeanDefinitionReader.lambda$loadBeanDefinitionsFromRegistrars$1(ConfigurationClassBeanDefinitionReader.java:376) ~[spring-context-6.1.3.jar!/:6.1.3]
	at java.base/java.util.LinkedHashMap.forEach(LinkedHashMap.java:986) ~[na:na]
	at org.springframework.context.annotation.ConfigurationClassBeanDefinitionReader.loadBeanDefinitionsFromRegistrars(ConfigurationClassBeanDefinitionReader.java:375) ~[spring-context-6.1.3.jar!/:6.1.3]
	at org.springframework.context.annotation.ConfigurationClassBeanDefinitionReader.loadBeanDefinitionsForConfigurationClass(ConfigurationClassBeanDefinitionReader.java:148) ~[spring-context-6.1.3.jar!/:6.1.3]
	at org.springframework.context.annotation.ConfigurationClassBeanDefinitionReader.loadBeanDefinitions(ConfigurationClassBeanDefinitionReader.java:120) ~[spring-context-6.1.3.jar!/:6.1.3]
	at org.springframework.context.annotation.ConfigurationClassPostProcessor.processConfigBeanDefinitions(ConfigurationClassPostProcessor.java:428) ~[spring-context-6.1.3.jar!/:6.1.3]
	at org.springframework.context.annotation.ConfigurationClassPostProcessor.postProcessBeanDefinitionRegistry(ConfigurationClassPostProcessor.java:289) ~[spring-context-6.1.3.jar!/:6.1.3]
	at org.springframework.context.support.PostProcessorRegistrationDelegate.invokeBeanDefinitionRegistryPostProcessors(PostProcessorRegistrationDelegate.java:349) ~[spring-context-6.1.3.jar!/:6.1.3]
	at org.springframework.context.support.PostProcessorRegistrationDelegate.invokeBeanFactoryPostProcessors(PostProcessorRegistrationDelegate.java:118) ~[spring-context-6.1.3.jar!/:6.1.3]
	at org.springframework.context.support.AbstractApplicationContext.invokeBeanFactoryPostProcessors(AbstractApplicationContext.java:788) ~[spring-context-6.1.3.jar!/:6.1.3]
	at org.springframework.context.support.AbstractApplicationContext.refresh(AbstractApplicationContext.java:606) ~[spring-context-6.1.3.jar!/:6.1.3]
	at org.springframework.boot.web.servlet.context.ServletWebServerApplicationContext.refresh(ServletWebServerApplicationContext.java:146) ~[spring-boot-3.2.2.jar!/:3.2.2]
	at org.springframework.boot.SpringApplication.refresh(SpringApplication.java:754) ~[spring-boot-3.2.2.jar!/:3.2.2]
	at org.springframework.boot.SpringApplication.refreshContext(SpringApplication.java:456) ~[spring-boot-3.2.2.jar!/:3.2.2]
	at org.springframework.boot.SpringApplication.run(SpringApplication.java:334) ~[spring-boot-3.2.2.jar!/:3.2.2]
	at org.springframework.boot.SpringApplication.run(SpringApplication.java:1354) ~[spring-boot-3.2.2.jar!/:3.2.2]
	at org.springframework.boot.SpringApplication.run(SpringApplication.java:1343) ~[spring-boot-3.2.2.jar!/:3.2.2]
	at com.zzz.core.CoreServiceApplication.main(CoreServiceApplication.java:14) ~[!/:0.0.1-SNAPSHOT]
	at java.base/jdk.internal.reflect.DirectMethodHandleAccessor.invoke(DirectMethodHandleAccessor.java:103) ~[na:na]
	at java.base/java.lang.reflect.Method.invoke(Method.java:580) ~[na:na]
	at org.springframework.boot.loader.launch.Launcher.launch(Launcher.java:91) ~[core-service-0.0.1-SNAPSHOT.jar:0.0.1-SNAPSHOT]
	at org.springframework.boot.loader.launch.Launcher.launch(Launcher.java:53) ~[core-service-0.0.1-SNAPSHOT.jar:0.0.1-SNAPSHOT]
	at org.springframework.boot.loader.launch.JarLauncher.main(JarLauncher.java:58) ~[core-service-0.0.1-SNAPSHOT.jar:0.0.1-SNAPSHOT]
Caused by: java.net.MalformedURLException: Illegal character found in host: '{'
	at java.base/java.net.URL.<init>(URL.java:806) ~[na:na]
	at java.base/java.net.URL.<init>(URL.java:654) ~[na:na]
	at java.base/java.net.URL.<init>(URL.java:590) ~[na:na]
	at org.springframework.cloud.openfeign.FeignClientsRegistrar.getUrl(FeignClientsRegistrar.java:121) ~[spring-cloud-openfeign-core-4.1.0.jar!/:4.1.0]
	... 29 common frames omitted
Caused by: java.lang.IllegalArgumentException: Illegal character found in host: '{'
	at java.base/java.net.URLStreamHandler.setURL(URLStreamHandler.java:523) ~[na:na]
	at java.base/java.net.URLStreamHandler.parseURL(URLStreamHandler.java:326) ~[na:na]
	at java.base/java.net.URL.<init>(URL.java:801) ~[na:na]
	... 32 common frames omitted

