Starting a Gradle Daemon (subsequent builds will be faster)
> Task :compileJava
> Task :processResources
> Task :classes
> Task :resolveMainClassName

> Task :bootRun

  .   ____          _            __ _ _
 /\\ / ___'_ __ _ _(_)_ __  __ _ \ \ \ \
( ( )\___ | '_ | '_| | '_ \/ _` | \ \ \ \
 \\/  ___)| |_)| | | | | || (_| |  ) ) ) )
  '  |____| .__|_| |_|_| |_\__, | / / / /
 =========|_|==============|___/=/_/_/_/

 :: Spring Boot ::                (v3.5.0)

2025-12-31T03:35:37.243+09:00  INFO 11324 --- [core-service] [           main] com.zzz.core.CoreServiceApplication      : Starting CoreServiceApplication using Java 21.0.9 with PID 11324 (/Users/joo/project/zzz/backend/core-service/build/classes/java/main started by joo in /Users/joo/project/zzz/backend/core-service)
2025-12-31T03:35:37.244+09:00  INFO 11324 --- [core-service] [           main] com.zzz.core.CoreServiceApplication      : No active profile set, falling back to 1 default profile: "default"
2025-12-31T03:35:37.514+09:00  INFO 11324 --- [core-service] [           main] .s.d.r.c.RepositoryConfigurationDelegate : Multiple Spring Data modules found, entering strict repository configuration mode
2025-12-31T03:35:37.515+09:00  INFO 11324 --- [core-service] [           main] .s.d.r.c.RepositoryConfigurationDelegate : Bootstrapping Spring Data JPA repositories in DEFAULT mode.
2025-12-31T03:35:37.580+09:00  INFO 11324 --- [core-service] [           main] .s.d.r.c.RepositoryConfigurationDelegate : Finished Spring Data repository scanning in 62 ms. Found 1 JPA repository interface.
2025-12-31T03:35:37.587+09:00  INFO 11324 --- [core-service] [           main] .s.d.r.c.RepositoryConfigurationDelegate : Multiple Spring Data modules found, entering strict repository configuration mode
2025-12-31T03:35:37.587+09:00  INFO 11324 --- [core-service] [           main] .s.d.r.c.RepositoryConfigurationDelegate : Bootstrapping Spring Data Redis repositories in DEFAULT mode.
2025-12-31T03:35:37.594+09:00  INFO 11324 --- [core-service] [           main] .RepositoryConfigurationExtensionSupport : Spring Data Redis - Could not safely identify store assignment for repository candidate interface com.zzz.core.domain.user.UserRepository; If you want this repository to be a Redis repository, consider annotating your entities with one of these annotations: org.springframework.data.redis.core.RedisHash (preferred), or consider extending one of the following types with your repository: org.springframework.data.keyvalue.repository.KeyValueRepository
2025-12-31T03:35:37.594+09:00  INFO 11324 --- [core-service] [           main] .s.d.r.c.RepositoryConfigurationDelegate : Finished Spring Data repository scanning in 3 ms. Found 0 Redis repository interfaces.
2025-12-31T03:35:37.781+09:00  INFO 11324 --- [core-service] [           main] o.s.b.w.embedded.tomcat.TomcatWebServer  : Tomcat initialized with port 8080 (http)
2025-12-31T03:35:37.789+09:00  INFO 11324 --- [core-service] [           main] o.apache.catalina.core.StandardService   : Starting service [Tomcat]
2025-12-31T03:35:37.789+09:00  INFO 11324 --- [core-service] [           main] o.apache.catalina.core.StandardEngine    : Starting Servlet engine: [Apache Tomcat/10.1.41]
2025-12-31T03:35:37.812+09:00  INFO 11324 --- [core-service] [           main] o.a.c.c.C.[Tomcat].[localhost].[/]       : Initializing Spring embedded WebApplicationContext
2025-12-31T03:35:37.812+09:00  INFO 11324 --- [core-service] [           main] w.s.c.ServletWebServerApplicationContext : Root WebApplicationContext: initialization completed in 554 ms
2025-12-31T03:35:37.875+09:00  INFO 11324 --- [core-service] [           main] o.hibernate.jpa.internal.util.LogHelper  : HHH000204: Processing PersistenceUnitInfo [name: default]
2025-12-31T03:35:37.891+09:00  INFO 11324 --- [core-service] [           main] org.hibernate.Version                    : HHH000412: Hibernate ORM core version 6.6.15.Final
2025-12-31T03:35:37.902+09:00  INFO 11324 --- [core-service] [           main] o.h.c.internal.RegionFactoryInitiator    : HHH000026: Second-level cache disabled
2025-12-31T03:35:38.008+09:00  INFO 11324 --- [core-service] [           main] o.s.o.j.p.SpringPersistenceUnitInfo      : No LoadTimeWeaver setup: ignoring JPA class transformer
2025-12-31T03:35:38.019+09:00  INFO 11324 --- [core-service] [           main] com.zaxxer.hikari.HikariDataSource       : HikariPool-1 - Starting...
2025-12-31T03:35:38.213+09:00  INFO 11324 --- [core-service] [           main] com.zaxxer.hikari.pool.HikariPool        : HikariPool-1 - Added connection com.mysql.cj.jdbc.ConnectionImpl@20f63ddc
2025-12-31T03:35:38.214+09:00  INFO 11324 --- [core-service] [           main] com.zaxxer.hikari.HikariDataSource       : HikariPool-1 - Start completed.
2025-12-31T03:35:38.269+09:00  INFO 11324 --- [core-service] [           main] org.hibernate.orm.connections.pooling    : HHH10001005: Database info:
	Database JDBC URL [Connecting through datasource 'HikariDataSource (HikariPool-1)']
	Database driver: undefined/unknown
	Database version: 8.0.44
	Autocommit mode: undefined/unknown
	Isolation level: undefined/unknown
	Minimum pool size: undefined/unknown
	Maximum pool size: undefined/unknown
2025-12-31T03:35:38.597+09:00  INFO 11324 --- [core-service] [           main] o.h.e.t.j.p.i.JtaPlatformInitiator       : HHH000489: No JTA platform available (set 'hibernate.transaction.jta.platform' to enable JTA platform integration)
Hibernate: 
    create table users (
        id bigint not null auto_increment,
        email varchar(255) not null,
        last_active_at datetime(6),
        nickname varchar(255) not null,
        password varchar(255) not null,
        status enum ('DISCHARGED','FOCUS','OFFLINE','ONLINE','SLEEP'),
        primary key (id)
    ) engine=InnoDB
Hibernate: 
    alter table users 
       drop index UK6dotkott2kjsp8vw4d0m25fb7
Hibernate: 
    alter table users 
       add constraint UK6dotkott2kjsp8vw4d0m25fb7 unique (email)
2025-12-31T03:35:39.075+09:00  INFO 11324 --- [core-service] [           main] j.LocalContainerEntityManagerFactoryBean : Initialized JPA EntityManagerFactory for persistence unit 'default'
2025-12-31T03:35:39.239+09:00  WARN 11324 --- [core-service] [           main] JpaBaseConfiguration$JpaWebConfiguration : spring.jpa.open-in-view is enabled by default. Therefore, database queries may be performed during view rendering. Explicitly configure spring.jpa.open-in-view to disable this warning
2025-12-31T03:35:39.587+09:00  INFO 11324 --- [core-service] [           main] o.s.b.w.embedded.tomcat.TomcatWebServer  : Tomcat started on port 8080 (http) with context path '/'
2025-12-31T03:35:39.593+09:00  INFO 11324 --- [core-service] [           main] com.zzz.core.CoreServiceApplication      : Started CoreServiceApplication in 2.53 seconds (process running for 2.677)
2025-12-31T03:35:48.520+09:00  INFO 11324 --- [core-service] [nio-8080-exec-1] o.a.c.c.C.[Tomcat].[localhost].[/]       : Initializing Spring DispatcherServlet 'dispatcherServlet'
2025-12-31T03:35:48.520+09:00  INFO 11324 --- [core-service] [nio-8080-exec-1] o.s.web.servlet.DispatcherServlet        : Initializing Servlet 'dispatcherServlet'
2025-12-31T03:35:48.523+09:00  INFO 11324 --- [core-service] [nio-8080-exec-1] o.s.web.servlet.DispatcherServlet        : Completed initialization in 3 ms
Hibernate: 
    select
        u1_0.id 
    from
        users u1_0 
    where
        u1_0.email=? 
    limit
        ?
Hibernate: 
    insert 
    into
        users
        (email, last_active_at, nickname, password, status) 
    values
        (?, ?, ?, ?, ?)

> Task :bootRun FAILED
4 actionable tasks: 4 executed
